18:48:44 **** Build of configuration Debug for project ssss ****
make all 
Building file: ../ssss.c
Invoking: AVR Compiler
avr-gcc -Wall -g2 -gstabs -O0 -fpack-struct -fshort-enums -ffunction-sections -fdata-sections -std=gnu99 -funsigned-char -funsigned-bitfields -mmcu=atmega32 -DF_CPU=16000000UL -MMD -MP -MF"ssss.d" -MT"ssss.o" -c -o "ssss.o" "../ssss.c"
../ssss.c:1: error: expected identifier or '(' before '/' token
../ssss.c:1: error: stray '#' in program
In file included from c:/winavr-20100110/lib/gcc/../../avr/include/inttypes.h:37,
                 from c:/winavr-20100110/lib/gcc/../../avr/include/util/delay.h:38,
                 from ../ssss.c:2:
c:/winavr-20100110/lib/gcc/../../avr/include/stdint.h:159: error: expected '=', ',', ';', 'asm' or '__attribute__' before 'int_least8_t'
c:/winavr-20100110/lib/gcc/../../avr/include/stdint.h:213: error: expected '=', ',', ';', 'asm' or '__attribute__' before 'int_fast8_t'
In file included from ../ssss.c:2:
c:/winavr-20100110/lib/gcc/../../avr/include/util/delay.h:90:3: warning: #warning "Compiler optimizations disabled; functions from <util/delay.h> won't work as designed"
../ssss.c: In function '__vector_7':
../ssss.c:23: warning: implicit declaration of function 'displayS'
../ssss.c:28: warning: implicit declaration of function 'displayS2'
../ssss.c:33: warning: implicit declaration of function 'displaym'
../ssss.c: At top level:
../ssss.c:43: warning: conflicting types for 'displayS2'
../ssss.c:28: warning: previous implicit declaration of 'displayS2' was here
../ssss.c:66: warning: conflicting types for 'displayS'
../ssss.c:23: warning: previous implicit declaration of 'displayS' was here
../ssss.c:80: warning: conflicting types for 'displaym'
../ssss.c:33: warning: previous implicit declaration of 'displaym' was here
make: *** [ssss.o] Error 1
"make all" terminated with exit code 2. Build might be incomplete.

18:48:44 Build Failed. 5 errors, 10 warnings. (took 133ms)

